params total=39.00M (39,001,833) active=39.00M (39,001,833)
device model=NVIDIA H100 80GB HBM3 precision=bf16
/home/ubuntu/py312/lib/python3.12/site-packages/torch/_inductor/lowering.py:7242: UserWarning: 
Online softmax is disabled on the fly since Inductor decides to
split the reduction. Cut an issue to PyTorch if this is an
important use case and you want to speed it up with online
softmax.

  warnings.warn(
/home/ubuntu/py312/lib/python3.12/site-packages/torch/_inductor/lowering.py:7242: UserWarning: 
Online softmax is disabled on the fly since Inductor decides to
split the reduction. Cut an issue to PyTorch if this is an
important use case and you want to speed it up with online
softmax.

  warnings.warn(
step=10 loss=3.5331 pred=0.6531 aux=144.0000 lr=1.00e-06 toks/s=70,617 tflops=19.01 mfu=1.92% step_ms=1709.07 sm_util=88.0% hbm_util=58.0% mem_ctrl_util=58.0%
step=20 loss=3.4420 pred=0.5620 aux=144.0000 lr=2.00e-06 toks/s=596,488 tflops=160.58 mfu=16.24% step_ms=219.39 sm_util=82.0% hbm_util=54.0% mem_ctrl_util=54.0%
step=30 loss=3.3258 pred=0.4458 aux=144.0000 lr=3.00e-06 toks/s=592,405 tflops=159.48 mfu=16.13% step_ms=220.96 sm_util=87.0% hbm_util=56.0% mem_ctrl_util=56.0%
step=40 loss=3.3149 pred=0.4349 aux=144.0000 lr=4.00e-06 toks/s=606,413 tflops=163.25 mfu=16.51% step_ms=215.87 sm_util=78.0% hbm_util=51.0% mem_ctrl_util=51.0%
step=50 loss=3.2278 pred=0.3478 aux=144.0000 lr=5.00e-06 toks/s=608,906 tflops=163.92 mfu=16.57% step_ms=214.87 sm_util=88.0% hbm_util=56.0% mem_ctrl_util=56.0%
step=60 loss=3.2049 pred=0.3249 aux=144.0000 lr=6.00e-06 toks/s=602,956 tflops=162.32 mfu=16.41% step_ms=217.11 sm_util=82.0% hbm_util=54.0% mem_ctrl_util=54.0%
step=70 loss=3.1956 pred=0.3156 aux=144.0000 lr=7.00e-06 toks/s=624,159 tflops=168.03 mfu=16.99% step_ms=209.66 sm_util=89.0% hbm_util=59.0% mem_ctrl_util=59.0%
step=80 loss=3.2114 pred=0.3314 aux=144.0000 lr=8.00e-06 toks/s=600,430 tflops=161.64 mfu=16.34% step_ms=218.04 sm_util=92.0% hbm_util=60.0% mem_ctrl_util=60.0%
run model=NVIDIA H100 80GB HBM3 precision=bf16 peak_vram_gb=32.64
